// Jest Snapshot v1, https://goo.gl/fbAQLP

exports[`Loot render 1`] = `
<div>
  <h3>
    Bitcoin balance: 
    0.01
  </h3>
</div>
`;
